C51 COMPILER V9.60.0.0   DELAY                                                             02/13/2021 16:46:59 PAGE 1   


C51 COMPILER V9.60.0.0, COMPILATION OF MODULE DELAY
OBJECT MODULE PLACED IN .\Objects\delay.obj
COMPILER INVOKED BY: D:\ProgramFiles\Keilv5\C51\BIN\C51.EXE source\delay.c OPTIMIZE(8,SPEED) BROWSE INCDIR(.\inc) DEFINE
                    -(FOSC_240000) DEBUG OBJECTEXTEND PRINT(.\Listings\delay.lst) TABS(2) OBJECT(.\Objects\delay.obj)

line level    source

   1          
   2          
   3          void delay_1ms()
   4          {
   5   1          unsigned char i,j;
   6   1          for (i=0; i<0x09; i++)
   7   1              for (j=0; j<0xff; j++){}  
   8   1      }
   9          
  10          void delay_ms(unsigned char t)
  11          {
  12   1          while (t)
  13   1          {
  14   2              delay_1ms();
  15   2              t--;
  16   2          }
  17   1      }


MODULE INFORMATION:   STATIC OVERLAYABLE
   CODE SIZE        =     43    ----
   CONSTANT SIZE    =   ----    ----
   XDATA SIZE       =   ----    ----
   PDATA SIZE       =   ----    ----
   DATA SIZE        =   ----    ----
   IDATA SIZE       =   ----    ----
   BIT SIZE         =   ----    ----
END OF MODULE INFORMATION.


C51 COMPILATION COMPLETE.  0 WARNING(S),  0 ERROR(S)
