C51 COMPILER V9.60.0.0   MAIN                                                              02/12/2021 22:57:43 PAGE 1   


C51 COMPILER V9.60.0.0, COMPILATION OF MODULE MAIN
OBJECT MODULE PLACED IN .\Objects\main.obj
COMPILER INVOKED BY: D:\ProgramFiles\Keilv5\C51\BIN\C51.EXE main.c OPTIMIZE(8,SPEED) BROWSE INCDIR(.\inc) DEFINE(FOSC_24
                    -0000) DEBUG OBJECTEXTEND PRINT(.\Listings\main.lst) TABS(2) OBJECT(.\Objects\main.obj)

line level    source

   1          #include "main.h"
   2          
   3          void init_system(void);
   4          
   5          void main()
   6          {
   7   1          unsigned char temp = 1;
   8   1          init_system();
   9   1          
  10   1          while (1) 
  11   1          {
  12   2      
  13   2      
  14   2      //        if (flag_timer >= 200)
  15   2      //        {
  16   2      //            flag_timer = 0;
  17   2      //            temp = 0;
  18   2      //        }
  19   2      //        else if (flag_timer >=100) temp = 1; 
  20   2              P15 = 1;
  21   2          }
  22   1      }
  23          
  24          void init_system(void)
  25          {
  26   1          GPIO_Init();
*** WARNING C206 IN LINE 26 OF main.c: 'GPIO_Init': missing function-prototype
  27   1          Timer0_Init();
*** WARNING C206 IN LINE 27 OF main.c: 'Timer0_Init': missing function-prototype
  28   1      }


MODULE INFORMATION:   STATIC OVERLAYABLE
   CODE SIZE        =     16    ----
   CONSTANT SIZE    =   ----    ----
   XDATA SIZE       =   ----    ----
   PDATA SIZE       =   ----    ----
   DATA SIZE        =   ----       1
   IDATA SIZE       =   ----    ----
   BIT SIZE         =   ----    ----
END OF MODULE INFORMATION.


C51 COMPILATION COMPLETE.  2 WARNING(S),  0 ERROR(S)
